C:\Users\TrungVQ7>ssh -i "C:\Users\TrungVQ7\Downloads\us-east-keypair.pem" ec2-user@ec2-107-23-238-133.compute-1.amazonaws.com
   ,     #_
   ~\_  ####_        Amazon Linux 2023
  ~~  \_#####\
  ~~     \###|
  ~~       \#/ ___   https://aws.amazon.com/linux/amazon-linux-2023
   ~~       V~' '->
    ~~~         /
      ~~._.   _/
         _/ _/
       _/m/'
[ec2-user@ip-10-1-10-197 ~]$ mysql --version
-bash: mysql: command not found
[ec2-user@ip-10-1-10-197 ~]$ sudo dnf install mariadb105
Last metadata expiration check: 0:25:24 ago on Wed Feb 21 06:44:13 2024.
Dependencies resolved.
========================================================================================================================
 Package                              Architecture     Version                              Repository             Size
========================================================================================================================
Installing:
 mariadb105                           x86_64           3:10.5.23-1.amzn2023.0.1             amazonlinux           1.6 M
Installing dependencies:
 mariadb-connector-c                  x86_64           3.1.13-1.amzn2023.0.3                amazonlinux           196 k
 mariadb-connector-c-config           noarch           3.1.13-1.amzn2023.0.3                amazonlinux           9.2 k
 mariadb105-common                    x86_64           3:10.5.23-1.amzn2023.0.1             amazonlinux            30 k
 perl-Sys-Hostname                    x86_64           1.23-477.amzn2023.0.6                amazonlinux            18 k

Transaction Summary
========================================================================================================================
Install  5 Packages

Total download size: 1.8 M
Installed size: 19 M
Is this ok [y/N]: y
Downloading Packages:
(1/5): mariadb105-common-10.5.23-1.amzn2023.0.1.x86_64.rpm                              440 kB/s |  30 kB     00:00
(2/5): mariadb105-10.5.23-1.amzn2023.0.1.x86_64.rpm                                      16 MB/s | 1.6 MB     00:00
(3/5): perl-Sys-Hostname-1.23-477.amzn2023.0.6.x86_64.rpm                               172 kB/s |  18 kB     00:00
(4/5): mariadb-connector-c-3.1.13-1.amzn2023.0.3.x86_64.rpm                             4.5 MB/s | 196 kB     00:00
(5/5): mariadb-connector-c-config-3.1.13-1.amzn2023.0.3.noarch.rpm                      546 kB/s | 9.2 kB     00:00
------------------------------------------------------------------------------------------------------------------------
Total                                                                                    10 MB/s | 1.8 MB     00:00
Running transaction check
Transaction check succeeded.
Running transaction test
Transaction test succeeded.
Running transaction
  Preparing        :                                                                                                1/1
  Installing       : mariadb-connector-c-config-3.1.13-1.amzn2023.0.3.noarch                                        1/5
  Installing       : mariadb105-common-3:10.5.23-1.amzn2023.0.1.x86_64                                              2/5
  Installing       : mariadb-connector-c-3.1.13-1.amzn2023.0.3.x86_64                                               3/5
  Installing       : perl-Sys-Hostname-1.23-477.amzn2023.0.6.x86_64                                                 4/5
  Installing       : mariadb105-3:10.5.23-1.amzn2023.0.1.x86_64                                                     5/5
  Running scriptlet: mariadb105-3:10.5.23-1.amzn2023.0.1.x86_64                                                     5/5
  Verifying        : mariadb105-3:10.5.23-1.amzn2023.0.1.x86_64                                                     1/5
  Verifying        : mariadb105-common-3:10.5.23-1.amzn2023.0.1.x86_64                                              2/5
  Verifying        : perl-Sys-Hostname-1.23-477.amzn2023.0.6.x86_64                                                 3/5
  Verifying        : mariadb-connector-c-3.1.13-1.amzn2023.0.3.x86_64                                               4/5
  Verifying        : mariadb-connector-c-config-3.1.13-1.amzn2023.0.3.noarch                                        5/5

Installed:
  mariadb-connector-c-3.1.13-1.amzn2023.0.3.x86_64        mariadb-connector-c-config-3.1.13-1.amzn2023.0.3.noarch
  mariadb105-3:10.5.23-1.amzn2023.0.1.x86_64              mariadb105-common-3:10.5.23-1.amzn2023.0.1.x86_64
  perl-Sys-Hostname-1.23-477.amzn2023.0.6.x86_64

Complete!
[ec2-user@ip-10-1-10-197 ~]$ mysql --version
mysql  Ver 15.1 Distrib 10.5.23-MariaDB, for Linux (x86_64) using  EditLine wrapper
[ec2-user@ip-10-1-10-197 ~]$ mysql -h udacity.cosvsfy0uzdw.us-east-1.rds.amazonaws.com -u admin -p
Enter password:
Welcome to the MariaDB monitor.  Commands end with ; or \g.
Your MySQL connection id is 53
Server version: 8.0.35 Source distribution

Copyright (c) 2000, 2018, Oracle, MariaDB Corporation Ab and others.

Type 'help;' or '\h' for help. Type '\c' to clear the current input statement.

MySQL [(none)]> CREATE DATABASE UdacityActiveDb;
Query OK, 1 row affected (0.039 sec)

MySQL [(none)]> Show Databases
    -> ;
+--------------------+
| Database           |
+--------------------+
| UdacityActiveDb    |
| information_schema |
| mysql              |
| performance_schema |
| sys                |
+--------------------+
5 rows in set (0.009 sec)

MySQL [(none)]> USE UdacityActiveDb;
Database changed
MySQL [UdacityActiveDb]> CREATE TABLE sample_table (message CHAR(20));
 OK, 0 rows affected (0,39 sec)
Query OK, 0 rows affected (0.080 sec)

MySQL [UdacityActiveDb]> Query OK, 0 rows affected (0,39 sec)
    ->
    -> Ctrl-C -- exit!
Aborted
[ec2-user@ip-10-1-10-197 ~]$ mysql -h udacity.cosvsfy0uzdw.us-east-1.rds.amazonaws.com -u admin -p
Enter password:
Welcome to the MariaDB monitor.  Commands end with ; or \g.
Your MySQL connection id is 55
Server version: 8.0.35 Source distribution

Copyright (c) 2000, 2018, Oracle, MariaDB Corporation Ab and others.

Type 'help;' or '\h' for help. Type '\c' to clear the current input statement.

MySQL [(none)]> USE UdacityActiveDb
Reading table information for completion of table and column names
You can turn off this feature to get a quicker startup with -A

Database changed
MySQL [UdacityActiveDb]>  CREATE TABLE sample_table (message CHAR(20));
ERROR 1050 (42S01): Table 'sample_table' already exists
MySQL [UdacityActiveDb]> show tables;
+---------------------------+
| Tables_in_UdacityActiveDb |
+---------------------------+
| sample_table              |
+---------------------------+
1 row in set (0.002 sec)

MySQL [UdacityActiveDb]> INSERT INTO sample_table VALUES ('Hello World');
Query OK, 1 row affected (0.008 sec)

MySQL [UdacityActiveDb]> SELECT * FROM sample_table
    -> ;
+-------------+
| message     |
+-------------+
| Hello World |
+-------------+
1 row in set (0.001 sec)

MySQL [UdacityActiveDb]>





























































































































































































































































































































































































































































































































































































































































































































































































